---
source: src/grammar.rs
assertion_line: 1168
expression: result
---
S ::= 'a' | 'a' 'a' 'a' | '' | 'a' 'a' 'a' 'a' | 'a' 'a' | 'a' 'a' 'a' 'a' 'a';
