---
source: src/grammar.rs
expression: result
---
S ::= #"d|c|a|b";
