---
source: src/grammar.rs
expression: result
---
start_symbol: S
S ::= 'ab' S | 'jk' A | 'ab';
A ::= A 'c' | #"cd|Ac";
