---
source: src/grammar.rs
expression: "format!(\"{:?}\", result)"
---
start_symbol: None(ID: 0)
