---
source: src/parser.rs
expression: result
---
- "\n        (*114514*)\n            except ::= except!(    '\\n\\n');  (*114514*)\n            (*114514*)\n            (*114514*)\n        "
- - lhs: except
    rhs:
      EXCEPT:
        - Terminal: "\n\n"
        - ~
