---
source: src/grammar.rs
expression: result
---
start_symbol: None
