---
source: src/grammar.rs
expression: result
---
start_symbol: S
S ::= 'a';
