---
source: src/grammar.rs
expression: "format!(\"{:?}\", result)"
---
start_symbol: S(ID: 0)
S ::= #"d|c|a|b"(ID: 0,type: DFA);
