---
source: src/grammar.rs
expression: "format!(\"{:?}\", result)"
---
start_symbol: S(ID: 0)
S ::= #"aa|a|aaaa|aaa|aaaaa"(ID: 0,type: DFA);
