---
source: src/parser.rs
expression: result
---
- "\n             except ::= except!(    '\\n\\n');\n        "
- - lhs: except
    rhs:
      EXCEPT:
        - Terminal: "\n\n"
        - ~
