---
source: src/parser.rs
expression: result
---
- "\n             filter ::= 'a' | 'b' 'c';\n        "
- - lhs: filter
    rhs:
      Multiple:
        - Symbol:
            - Terminal: a
            - Alternation
            - Terminal: b
        - Terminal: c
